// Jest Snapshot v1, https://goo.gl/fbAQLP

exports[`ResetPassword should match the snapshot 1`] = `
<div>
  <label
    for="currentPassword"
    id="currentPasswordLabel"
  >
    Current Password
  </label>
  <input
    aria-labelledby="currentPasswordLabel"
    name="currentPassword"
    type="password"
    value=""
  />
</div>
`;
